current directory: /home/elic0101/projects/ajax_app_rails7/vendor/bundle/ruby/3.2.0/gems/mysql2-0.5.5/ext/mysql2
/home/elic0101/.rbenv/versions/3.2.0/bin/ruby -I /home/elic0101/.rbenv/versions/3.2.0/lib/ruby/3.2.0 extconf.rb
checking for rb_absint_size()... yes
checking for rb_absint_singlebit_p()... yes
checking for rb_gc_mark_movable()... yes
checking for rb_wait_for_single_fd()... yes
checking for rb_enc_interned_str() in ruby.h... yes
-----
Using mysql_config at /usr/bin/mysql_config
-----
checking for mysql.h... yes
checking for errmsg.h... yes
checking for SSL_MODE_DISABLED in mysql.h... yes
checking for SSL_MODE_PREFERRED in mysql.h... yes
checking for SSL_MODE_REQUIRED in mysql.h... yes
checking for SSL_MODE_VERIFY_CA in mysql.h... yes
checking for SSL_MODE_VERIFY_IDENTITY in mysql.h... yes
checking for MYSQL.net.vio in mysql.h... yes
checking for MYSQL.net.pvio in mysql.h... no
checking for MYSQL_DEFAULT_AUTH in mysql.h... yes
checking for MYSQL_ENABLE_CLEARTEXT_PLUGIN in mysql.h... yes
checking for SERVER_QUERY_NO_GOOD_INDEX_USED in mysql.h... yes
checking for SERVER_QUERY_NO_INDEX_USED in mysql.h... yes
checking for SERVER_QUERY_WAS_SLOW in mysql.h... yes
checking for MYSQL_OPTION_MULTI_STATEMENTS_ON in mysql.h... yes
checking for MYSQL_OPTION_MULTI_STATEMENTS_OFF in mysql.h... yes
checking for my_bool in mysql.h... no
-----
Setting libpath to /usr/lib/x86_64-linux-gnu
-----
creating Makefile

current directory: /home/elic0101/projects/ajax_app_rails7/vendor/bundle/ruby/3.2.0/gems/mysql2-0.5.5/ext/mysql2
make DESTDIR\= sitearchdir\=./.gem.20260831-1649-awu2hr sitelibdir\=./.gem.20260831-1649-awu2hr clean

current directory: /home/elic0101/projects/ajax_app_rails7/vendor/bundle/ruby/3.2.0/gems/mysql2-0.5.5/ext/mysql2
make DESTDIR\= sitearchdir\=./.gem.20260831-1649-awu2hr sitelibdir\=./.gem.20260831-1649-awu2hr
compiling client.c
In file included from client.c:15:
mysql_enc_name_to_ruby.h: In function ‘mysql2_mysql_enc_name_to_rb_hash’:
mysql_enc_name_to_ruby.h:43:1: warning: old-style function definition [-Wold-style-definition]
   43 | mysql2_mysql_enc_name_to_rb_hash (str, len)
      | ^~~~~~~~~~~~~~~~~~~~~~~~~~~~~~~~
mysql_enc_name_to_ruby.h: In function ‘mysql2_mysql_enc_name_to_rb’:
mysql_enc_name_to_ruby.h:86:1: warning: old-style function definition [-Wold-style-definition]
   86 | mysql2_mysql_enc_name_to_rb (str, len)
      | ^~~~~~~~~~~~~~~~~~~~~~~~~~~
At top level:
cc1: note: unrecognized command-line option ‘-Wno-used-but-marked-unused’ may have been intended to silence earlier diagnostics
cc1: note: unrecognized command-line option ‘-Wno-static-in-inline’ may have been intended to silence earlier diagnostics
cc1: note: unrecognized command-line option ‘-Wno-reserved-id-macro’ may have been intended to silence earlier diagnostics
cc1: note: unrecognized command-line option ‘-Wno-documentation-unknown-command’ may have been intended to silence earlier diagnostics
cc1: note: unrecognized command-line option ‘-Wno-disabled-macro-expansion’ may have been intended to silence earlier diagnostics
cc1: note: unrecognized command-line option ‘-Wno-covered-switch-default’ may have been intended to silence earlier diagnostics
cc1: note: unrecognized command-line option ‘-Wno-conditional-uninitialized’ may have been intended to silence earlier diagnostics
cc1: note: unrecognized command-line option ‘-Wno-compound-token-split-by-macro’ may have been intended to silence earlier diagnostics
cc1: note: unrecognized command-line option ‘-Wno-self-assign’ may have been intended to silence earlier diagnostics
cc1: note: unrecognized command-line option ‘-Wno-parentheses-equality’ may have been intended to silence earlier diagnostics
cc1: note: unrecognized command-line option ‘-Wno-constant-logical-operand’ may have been intended to silence earlier diagnostics
compiling infile.c
compiling mysql2_ext.c
compiling result.c
compiling statement.c
linking shared-object mysql2/mysql2.so

current directory: /home/elic0101/projects/ajax_app_rails7/vendor/bundle/ruby/3.2.0/gems/mysql2-0.5.5/ext/mysql2
make DESTDIR\= sitearchdir\=./.gem.20260831-1649-awu2hr sitelibdir\=./.gem.20260831-1649-awu2hr install
/usr/bin/install -c -m 0755 mysql2.so ./.gem.20260831-1649-awu2hr/mysql2

current directory: /home/elic0101/projects/ajax_app_rails7/vendor/bundle/ruby/3.2.0/gems/mysql2-0.5.5/ext/mysql2
make DESTDIR\= sitearchdir\=./.gem.20260831-1649-awu2hr sitelibdir\=./.gem.20260831-1649-awu2hr clean
