current directory: /home/elic0101/projects/ajax_app_rails7/vendor/bundle/ruby/3.2.0/gems/bootsnap-1.16.0/ext/bootsnap
/home/elic0101/.rbenv/versions/3.2.0/bin/ruby -I /home/elic0101/.rbenv/versions/3.2.0/lib/ruby/3.2.0 extconf.rb
creating Makefile

current directory: /home/elic0101/projects/ajax_app_rails7/vendor/bundle/ruby/3.2.0/gems/bootsnap-1.16.0/ext/bootsnap
make DESTDIR\= sitearchdir\=./.gem.20260831-1649-wrd3xe sitelibdir\=./.gem.20260831-1649-wrd3xe clean

current directory: /home/elic0101/projects/ajax_app_rails7/vendor/bundle/ruby/3.2.0/gems/bootsnap-1.16.0/ext/bootsnap
make DESTDIR\= sitearchdir\=./.gem.20260831-1649-wrd3xe sitelibdir\=./.gem.20260831-1649-wrd3xe
compiling bootsnap.c
In file included from /home/elic0101/.rbenv/versions/3.2.0/include/ruby-3.2.0/ruby/internal/arithmetic/long.h:42,
                 from /home/elic0101/.rbenv/versions/3.2.0/include/ruby-3.2.0/ruby/internal/arithmetic/int.h:26,
                 from /home/elic0101/.rbenv/versions/3.2.0/include/ruby-3.2.0/ruby/internal/arithmetic/char.h:23,
                 from /home/elic0101/.rbenv/versions/3.2.0/include/ruby-3.2.0/ruby/internal/arithmetic.h:24,
                 from /home/elic0101/.rbenv/versions/3.2.0/include/ruby-3.2.0/ruby/ruby.h:28,
                 from /home/elic0101/.rbenv/versions/3.2.0/include/ruby-3.2.0/ruby.h:38,
                 from bootsnap.c:15:
/home/elic0101/.rbenv/versions/3.2.0/include/ruby-3.2.0/ruby/internal/special_consts.h:137:15: error: unknown type name ‘bool’
  137 | static inline bool
      |               ^~~~
/home/elic0101/.rbenv/versions/3.2.0/include/ruby-3.2.0/ruby/internal/special_consts.h:31:1: note: ‘bool’ is defined in header ‘<stdbool.h>’; this is probably fixable by adding ‘#include <stdbool.h>’
   30 | #include "ruby/internal/attr/enum_extensibility.h"
  +++ |+#include <stdbool.h>
   31 | #include "ruby/internal/stdbool.h"
/home/elic0101/.rbenv/versions/3.2.0/include/ruby-3.2.0/ruby/internal/special_consts.h:172:15: error: unknown type name ‘bool’
  172 | static inline bool
      |               ^~~~
/home/elic0101/.rbenv/versions/3.2.0/include/ruby-3.2.0/ruby/internal/special_consts.h:172:15: note: ‘bool’ is defined in header ‘<stdbool.h>’; this is probably fixable by adding ‘#include <stdbool.h>’
/home/elic0101/.rbenv/versions/3.2.0/include/ruby-3.2.0/ruby/internal/special_consts.h:188:15: error: unknown type name ‘bool’
  188 | static inline bool
      |               ^~~~
/home/elic0101/.rbenv/versions/3.2.0/include/ruby-3.2.0/ruby/internal/special_consts.h:188:15: note: ‘bool’ is defined in header ‘<stdbool.h>’; this is probably fixable by adding ‘#include <stdbool.h>’
/home/elic0101/.rbenv/versions/3.2.0/include/ruby-3.2.0/ruby/internal/special_consts.h:205:15: error: unknown type name ‘bool’
  205 | static inline bool
      |               ^~~~
/home/elic0101/.rbenv/versions/3.2.0/include/ruby-3.2.0/ruby/internal/special_consts.h:205:15: note: ‘bool’ is defined in header ‘<stdbool.h>’; this is probably fixable by adding ‘#include <stdbool.h>’
/home/elic0101/.rbenv/versions/3.2.0/include/ruby-3.2.0/ruby/internal/special_consts.h:246:15: error: unknown type name ‘bool’
  246 | static inline bool
      |               ^~~~
/home/elic0101/.rbenv/versions/3.2.0/include/ruby-3.2.0/ruby/internal/special_consts.h:246:15: note: ‘bool’ is defined in header ‘<stdbool.h>’; this is probably fixable by adding ‘#include <stdbool.h>’
/home/elic0101/.rbenv/versions/3.2.0/include/ruby-3.2.0/ruby/internal/special_consts.h:266:15: error: unknown type name ‘bool’
  266 | static inline bool
      |               ^~~~
/home/elic0101/.rbenv/versions/3.2.0/include/ruby-3.2.0/ruby/internal/special_consts.h:266:15: note: ‘bool’ is defined in header ‘<stdbool.h>’; this is probably fixable by adding ‘#include <stdbool.h>’
/home/elic0101/.rbenv/versions/3.2.0/include/ruby-3.2.0/ruby/internal/special_consts.h:287:15: error: unknown type name ‘bool’
  287 | static inline bool
      |               ^~~~
/home/elic0101/.rbenv/versions/3.2.0/include/ruby-3.2.0/ruby/internal/special_consts.h:287:15: note: ‘bool’ is defined in header ‘<stdbool.h>’; this is probably fixable by adding ‘#include <stdbool.h>’
/home/elic0101/.rbenv/versions/3.2.0/include/ruby-3.2.0/ruby/internal/special_consts.h:310:15: error: unknown type name ‘bool’
  310 | static inline bool
      |               ^~~~
/home/elic0101/.rbenv/versions/3.2.0/include/ruby-3.2.0/ruby/internal/special_consts.h:310:15: note: ‘bool’ is defined in header ‘<stdbool.h>’; this is probably fixable by adding ‘#include <stdbool.h>’
/home/elic0101/.rbenv/versions/3.2.0/include/ruby-3.2.0/ruby/internal/special_consts.h:326:15: error: unknown type name ‘bool’
  326 | static inline bool
      |               ^~~~
/home/elic0101/.rbenv/versions/3.2.0/include/ruby-3.2.0/ruby/internal/special_consts.h:326:15: note: ‘bool’ is defined in header ‘<stdbool.h>’; this is probably fixable by adding ‘#include <stdbool.h>’
/home/elic0101/.rbenv/versions/3.2.0/include/ruby-3.2.0/ruby/internal/arithmetic/long.h:215:15: error: unknown type name ‘bool’
  215 | static inline bool
      |               ^~~~
/home/elic0101/.rbenv/versions/3.2.0/include/ruby-3.2.0/ruby/internal/arithmetic/long.h:43:1: note: ‘bool’ is defined in header ‘<stdbool.h>’; this is probably fixable by adding ‘#include <stdbool.h>’
   42 | #include "ruby/internal/special_consts.h"      /* FIXNUM_FLAG */
  +++ |+#include <stdbool.h>
   43 | #include "ruby/internal/value.h"
In file included from /home/elic0101/.rbenv/versions/3.2.0/include/ruby-3.2.0/ruby/internal/fl_type.h:38,
                 from /home/elic0101/.rbenv/versions/3.2.0/include/ruby-3.2.0/ruby/internal/core/rstring.h:30,
                 from /home/elic0101/.rbenv/versions/3.2.0/include/ruby-3.2.0/ruby/internal/arithmetic/char.h:29:
/home/elic0101/.rbenv/versions/3.2.0/include/ruby-3.2.0/ruby/internal/value_type.h:202:15: error: unknown type name ‘bool’
  202 | static inline bool
      |               ^~~~
/home/elic0101/.rbenv/versions/3.2.0/include/ruby-3.2.0/ruby/internal/value_type.h:34:1: note: ‘bool’ is defined in header ‘<stdbool.h>’; this is probably fixable by adding ‘#include <stdbool.h>’
   33 | #include "ruby/internal/error.h"
  +++ |+#include <stdbool.h>
   34 | #include "ruby/internal/has/builtin.h"
/home/elic0101/.rbenv/versions/3.2.0/include/ruby-3.2.0/ruby/internal/value_type.h: In function ‘rb_integer_type_p’:
/home/elic0101/.rbenv/versions/3.2.0/include/ruby-3.2.0/ruby/internal/value_type.h:206:16: error: ‘true’ undeclared (first use in this function)
  206 |         return true;
      |                ^~~~
/home/elic0101/.rbenv/versions/3.2.0/include/ruby-3.2.0/ruby/internal/value_type.h:206:16: note: ‘true’ is defined in header ‘<stdbool.h>’; this is probably fixable by adding ‘#include <stdbool.h>’
/home/elic0101/.rbenv/versions/3.2.0/include/ruby-3.2.0/ruby/internal/value_type.h:206:16: note: each undeclared identifier is reported only once for each function it appears in
/home/elic0101/.rbenv/versions/3.2.0/include/ruby-3.2.0/ruby/internal/value_type.h:209:16: error: ‘false’ undeclared (first use in this function)
  209 |         return false;
      |                ^~~~~
/home/elic0101/.rbenv/versions/3.2.0/include/ruby-3.2.0/ruby/internal/value_type.h:209:16: note: ‘false’ is defined in header ‘<stdbool.h>’; this is probably fixable by adding ‘#include <stdbool.h>’
/home/elic0101/.rbenv/versions/3.2.0/include/ruby-3.2.0/ruby/internal/value_type.h: At top level:
/home/elic0101/.rbenv/versions/3.2.0/include/ruby-3.2.0/ruby/internal/value_type.h:262:15: error: unknown type name ‘bool’
  262 | static inline bool
      |               ^~~~
/home/elic0101/.rbenv/versions/3.2.0/include/ruby-3.2.0/ruby/internal/value_type.h:262:15: note: ‘bool’ is defined in header ‘<stdbool.h>’; this is probably fixable by adding ‘#include <stdbool.h>’
/home/elic0101/.rbenv/versions/3.2.0/include/ruby-3.2.0/ruby/internal/value_type.h: In function ‘RB_FLOAT_TYPE_P’:
/home/elic0101/.rbenv/versions/3.2.0/include/ruby-3.2.0/ruby/internal/value_type.h:266:16: error: ‘true’ undeclared (first use in this function)
  266 |         return true;
      |                ^~~~
/home/elic0101/.rbenv/versions/3.2.0/include/ruby-3.2.0/ruby/internal/value_type.h:266:16: note: ‘true’ is defined in header ‘<stdbool.h>’; this is probably fixable by adding ‘#include <stdbool.h>’
/home/elic0101/.rbenv/versions/3.2.0/include/ruby-3.2.0/ruby/internal/value_type.h:269:16: error: ‘false’ undeclared (first use in this function)
  269 |         return false;
      |                ^~~~~
/home/elic0101/.rbenv/versions/3.2.0/include/ruby-3.2.0/ruby/internal/value_type.h:269:16: note: ‘false’ is defined in header ‘<stdbool.h>’; this is probably fixable by adding ‘#include <stdbool.h>’
/home/elic0101/.rbenv/versions/3.2.0/include/ruby-3.2.0/ruby/internal/value_type.h: At top level:
/home/elic0101/.rbenv/versions/3.2.0/include/ruby-3.2.0/ruby/internal/value_type.h:285:15: error: unknown type name ‘bool’
  285 | static inline bool
      |               ^~~~
/home/elic0101/.rbenv/versions/3.2.0/include/ruby-3.2.0/ruby/internal/value_type.h:285:15: note: ‘bool’ is defined in header ‘<stdbool.h>’; this is probably fixable by adding ‘#include <stdbool.h>’
/home/elic0101/.rbenv/versions/3.2.0/include/ruby-3.2.0/ruby/internal/value_type.h: In function ‘RB_DYNAMIC_SYM_P’:
/home/elic0101/.rbenv/versions/3.2.0/include/ruby-3.2.0/ruby/internal/value_type.h:289:16: error: ‘false’ undeclared (first use in this function)
  289 |         return false;
      |                ^~~~~
/home/elic0101/.rbenv/versions/3.2.0/include/ruby-3.2.0/ruby/internal/value_type.h:289:16: note: ‘false’ is defined in header ‘<stdbool.h>’; this is probably fixable by adding ‘#include <stdbool.h>’
/home/elic0101/.rbenv/versions/3.2.0/include/ruby-3.2.0/ruby/internal/value_type.h: At top level:
/home/elic0101/.rbenv/versions/3.2.0/include/ruby-3.2.0/ruby/internal/value_type.h:305:15: error: unknown type name ‘bool’
  305 | static inline bool
      |               ^~~~
/home/elic0101/.rbenv/versions/3.2.0/include/ruby-3.2.0/ruby/internal/value_type.h:305:15: note: ‘bool’ is defined in header ‘<stdbool.h>’; this is probably fixable by adding ‘#include <stdbool.h>’
/home/elic0101/.rbenv/versions/3.2.0/include/ruby-3.2.0/ruby/internal/value_type.h:324:8: error: unknown type name ‘bool’
  324 | static bool
      |        ^~~~
/home/elic0101/.rbenv/versions/3.2.0/include/ruby-3.2.0/ruby/internal/value_type.h:324:8: note: ‘bool’ is defined in header ‘<stdbool.h>’; this is probably fixable by adding ‘#include <stdbool.h>’
/home/elic0101/.rbenv/versions/3.2.0/include/ruby-3.2.0/ruby/internal/value_type.h: In function ‘rbimpl_RB_TYPE_P_fastpath’:
/home/elic0101/.rbenv/versions/3.2.0/include/ruby-3.2.0/ruby/internal/value_type.h:349:16: error: ‘false’ undeclared (first use in this function)
  349 |         return false;
      |                ^~~~~
/home/elic0101/.rbenv/versions/3.2.0/include/ruby-3.2.0/ruby/internal/value_type.h:349:16: note: ‘false’ is defined in header ‘<stdbool.h>’; this is probably fixable by adding ‘#include <stdbool.h>’
/home/elic0101/.rbenv/versions/3.2.0/include/ruby-3.2.0/ruby/internal/value_type.h:352:16: error: ‘true’ undeclared (first use in this function)
  352 |         return true;
      |                ^~~~
/home/elic0101/.rbenv/versions/3.2.0/include/ruby-3.2.0/ruby/internal/value_type.h:352:16: note: ‘true’ is defined in header ‘<stdbool.h>’; this is probably fixable by adding ‘#include <stdbool.h>’
/home/elic0101/.rbenv/versions/3.2.0/include/ruby-3.2.0/ruby/internal/value_type.h: At top level:
/home/elic0101/.rbenv/versions/3.2.0/include/ruby-3.2.0/ruby/internal/value_type.h:374:15: error: unknown type name ‘bool’
  374 | static inline bool
      |               ^~~~
/home/elic0101/.rbenv/versions/3.2.0/include/ruby-3.2.0/ruby/internal/value_type.h:374:15: note: ‘bool’ is defined in header ‘<stdbool.h>’; this is probably fixable by adding ‘#include <stdbool.h>’
/home/elic0101/.rbenv/versions/3.2.0/include/ruby-3.2.0/ruby/internal/value_type.h:418:15: error: unknown type name ‘bool’
  418 | static inline bool rbimpl_rtypeddata_p(VALUE obj);
      |               ^~~~
/home/elic0101/.rbenv/versions/3.2.0/include/ruby-3.2.0/ruby/internal/value_type.h:418:15: note: ‘bool’ is defined in header ‘<stdbool.h>’; this is probably fixable by adding ‘#include <stdbool.h>’
/home/elic0101/.rbenv/versions/3.2.0/include/ruby-3.2.0/ruby/internal/fl_type.h:475:8: error: unknown type name ‘bool’
  475 | static bool
      |        ^~~~
/home/elic0101/.rbenv/versions/3.2.0/include/ruby-3.2.0/ruby/internal/fl_type.h:41:1: note: ‘bool’ is defined in header ‘<stdbool.h>’; this is probably fixable by adding ‘#include <stdbool.h>’
   40 | #include "ruby/defines.h"
  +++ |+#include <stdbool.h>
   41 | 
/home/elic0101/.rbenv/versions/3.2.0/include/ruby-3.2.0/ruby/internal/fl_type.h: In function ‘RB_FL_ABLE’:
/home/elic0101/.rbenv/versions/3.2.0/include/ruby-3.2.0/ruby/internal/fl_type.h:479:16: error: ‘false’ undeclared (first use in this function)
  479 |         return false;
      |                ^~~~~
/home/elic0101/.rbenv/versions/3.2.0/include/ruby-3.2.0/ruby/internal/fl_type.h:479:16: note: ‘false’ is defined in header ‘<stdbool.h>’; this is probably fixable by adding ‘#include <stdbool.h>’
/home/elic0101/.rbenv/versions/3.2.0/include/ruby-3.2.0/ruby/internal/fl_type.h:485:16: error: ‘true’ undeclared (first use in this function)
  485 |         return true;
      |                ^~~~
/home/elic0101/.rbenv/versions/3.2.0/include/ruby-3.2.0/ruby/internal/fl_type.h:485:16: note: ‘true’ is defined in header ‘<stdbool.h>’; this is probably fixable by adding ‘#include <stdbool.h>’
/home/elic0101/.rbenv/versions/3.2.0/include/ruby-3.2.0/ruby/internal/fl_type.h: At top level:
/home/elic0101/.rbenv/versions/3.2.0/include/ruby-3.2.0/ruby/internal/fl_type.h:549:15: error: unknown type name ‘bool’
  549 | static inline bool
      |               ^~~~
/home/elic0101/.rbenv/versions/3.2.0/include/ruby-3.2.0/ruby/internal/fl_type.h:549:15: note: ‘bool’ is defined in header ‘<stdbool.h>’; this is probably fixable by adding ‘#include <stdbool.h>’
/home/elic0101/.rbenv/versions/3.2.0/include/ruby-3.2.0/ruby/internal/fl_type.h:565:15: error: unknown type name ‘bool’
  565 | static inline bool
      |               ^~~~
/home/elic0101/.rbenv/versions/3.2.0/include/ruby-3.2.0/ruby/internal/fl_type.h:565:15: note: ‘bool’ is defined in header ‘<stdbool.h>’; this is probably fixable by adding ‘#include <stdbool.h>’
/home/elic0101/.rbenv/versions/3.2.0/include/ruby-3.2.0/ruby/internal/fl_type.h:583:15: error: unknown type name ‘bool’
  583 | static inline bool
      |               ^~~~
/home/elic0101/.rbenv/versions/3.2.0/include/ruby-3.2.0/ruby/internal/fl_type.h:583:15: note: ‘bool’ is defined in header ‘<stdbool.h>’; this is probably fixable by adding ‘#include <stdbool.h>’
/home/elic0101/.rbenv/versions/3.2.0/include/ruby-3.2.0/ruby/internal/fl_type.h:599:15: error: unknown type name ‘bool’
  599 | static inline bool
      |               ^~~~
/home/elic0101/.rbenv/versions/3.2.0/include/ruby-3.2.0/ruby/internal/fl_type.h:599:15: note: ‘bool’ is defined in header ‘<stdbool.h>’; this is probably fixable by adding ‘#include <stdbool.h>’
/home/elic0101/.rbenv/versions/3.2.0/include/ruby-3.2.0/ruby/internal/fl_type.h:787:15: error: unknown type name ‘bool’
  787 | static inline bool
      |               ^~~~
/home/elic0101/.rbenv/versions/3.2.0/include/ruby-3.2.0/ruby/internal/fl_type.h:787:15: note: ‘bool’ is defined in header ‘<stdbool.h>’; this is probably fixable by adding ‘#include <stdbool.h>’
/home/elic0101/.rbenv/versions/3.2.0/include/ruby-3.2.0/ruby/internal/fl_type.h: In function ‘RB_OBJ_TAINTABLE’:
/home/elic0101/.rbenv/versions/3.2.0/include/ruby-3.2.0/ruby/internal/fl_type.h:790:12: error: ‘false’ undeclared (first use in this function)
  790 |     return false;
      |            ^~~~~
/home/elic0101/.rbenv/versions/3.2.0/include/ruby-3.2.0/ruby/internal/fl_type.h:790:12: note: ‘false’ is defined in header ‘<stdbool.h>’; this is probably fixable by adding ‘#include <stdbool.h>’
/home/elic0101/.rbenv/versions/3.2.0/include/ruby-3.2.0/ruby/internal/fl_type.h: In function ‘RB_OBJ_TAINTED_RAW’:
/home/elic0101/.rbenv/versions/3.2.0/include/ruby-3.2.0/ruby/internal/fl_type.h:807:12: error: ‘false’ undeclared (first use in this function)
  807 |     return false;
      |            ^~~~~
/home/elic0101/.rbenv/versions/3.2.0/include/ruby-3.2.0/ruby/internal/fl_type.h:807:12: note: ‘false’ is defined in header ‘<stdbool.h>’; this is probably fixable by adding ‘#include <stdbool.h>’
/home/elic0101/.rbenv/versions/3.2.0/include/ruby-3.2.0/ruby/internal/fl_type.h: At top level:
/home/elic0101/.rbenv/versions/3.2.0/include/ruby-3.2.0/ruby/internal/fl_type.h:821:15: error: unknown type name ‘bool’
  821 | static inline bool
      |               ^~~~
/home/elic0101/.rbenv/versions/3.2.0/include/ruby-3.2.0/ruby/internal/fl_type.h:821:15: note: ‘bool’ is defined in header ‘<stdbool.h>’; this is probably fixable by adding ‘#include <stdbool.h>’
/home/elic0101/.rbenv/versions/3.2.0/include/ruby-3.2.0/ruby/internal/fl_type.h: In function ‘RB_OBJ_TAINTED’:
/home/elic0101/.rbenv/versions/3.2.0/include/ruby-3.2.0/ruby/internal/fl_type.h:824:12: error: ‘false’ undeclared (first use in this function)
  824 |     return false;
      |            ^~~~~
/home/elic0101/.rbenv/versions/3.2.0/include/ruby-3.2.0/ruby/internal/fl_type.h:824:12: note: ‘false’ is defined in header ‘<stdbool.h>’; this is probably fixable by adding ‘#include <stdbool.h>’
/home/elic0101/.rbenv/versions/3.2.0/include/ruby-3.2.0/ruby/internal/fl_type.h: At top level:
/home/elic0101/.rbenv/versions/3.2.0/include/ruby-3.2.0/ruby/internal/fl_type.h:920:15: error: unknown type name ‘bool’
  920 | static inline bool
      |               ^~~~
/home/elic0101/.rbenv/versions/3.2.0/include/ruby-3.2.0/ruby/internal/fl_type.h:920:15: note: ‘bool’ is defined in header ‘<stdbool.h>’; this is probably fixable by adding ‘#include <stdbool.h>’
/home/elic0101/.rbenv/versions/3.2.0/include/ruby-3.2.0/ruby/internal/fl_type.h: In function ‘RB_OBJ_FROZEN’:
/home/elic0101/.rbenv/versions/3.2.0/include/ruby-3.2.0/ruby/internal/fl_type.h:924:16: error: ‘true’ undeclared (first use in this function)
  924 |         return true;
      |                ^~~~
/home/elic0101/.rbenv/versions/3.2.0/include/ruby-3.2.0/ruby/internal/fl_type.h:924:16: note: ‘true’ is defined in header ‘<stdbool.h>’; this is probably fixable by adding ‘#include <stdbool.h>’
In file included from /home/elic0101/.rbenv/versions/3.2.0/include/ruby-3.2.0/ruby/internal/core/rarray.h:32,
                 from /home/elic0101/.rbenv/versions/3.2.0/include/ruby-3.2.0/ruby/internal/core.h:23,
                 from /home/elic0101/.rbenv/versions/3.2.0/include/ruby-3.2.0/ruby/ruby.h:29:
/home/elic0101/.rbenv/versions/3.2.0/include/ruby-3.2.0/ruby/internal/rgengc.h: At top level:
/home/elic0101/.rbenv/versions/3.2.0/include/ruby-3.2.0/ruby/internal/rgengc.h:322:15: error: unknown type name ‘bool’
  322 | static inline bool
      |               ^~~~
/home/elic0101/.rbenv/versions/3.2.0/include/ruby-3.2.0/ruby/internal/rgengc.h:1:1: note: ‘bool’ is defined in header ‘<stdbool.h>’; this is probably fixable by adding ‘#include <stdbool.h>’
  +++ |+#include <stdbool.h>
    1 | #ifndef RBIMPL_RGENGC_H                              /*-*-C++-*-vi:se ft=cpp:*/
/home/elic0101/.rbenv/versions/3.2.0/include/ruby-3.2.0/ruby/internal/rgengc.h:342:15: error: unknown type name ‘bool’
  342 | static inline bool
      |               ^~~~
/home/elic0101/.rbenv/versions/3.2.0/include/ruby-3.2.0/ruby/internal/rgengc.h:342:15: note: ‘bool’ is defined in header ‘<stdbool.h>’; this is probably fixable by adding ‘#include <stdbool.h>’
/home/elic0101/.rbenv/versions/3.2.0/include/ruby-3.2.0/ruby/internal/rgengc.h: In function ‘RB_OBJ_PROMOTED’:
/home/elic0101/.rbenv/versions/3.2.0/include/ruby-3.2.0/ruby/internal/rgengc.h:346:16: error: ‘false’ undeclared (first use in this function)
  346 |         return false;
      |                ^~~~~
/home/elic0101/.rbenv/versions/3.2.0/include/ruby-3.2.0/ruby/internal/rgengc.h:346:16: note: ‘false’ is defined in header ‘<stdbool.h>’; this is probably fixable by adding ‘#include <stdbool.h>’
/home/elic0101/.rbenv/versions/3.2.0/include/ruby-3.2.0/ruby/internal/core/rarray.h: At top level:
/home/elic0101/.rbenv/versions/3.2.0/include/ruby-3.2.0/ruby/internal/core/rarray.h:363:15: error: unknown type name ‘bool’
  363 | static inline bool
      |               ^~~~
/home/elic0101/.rbenv/versions/3.2.0/include/ruby-3.2.0/ruby/internal/core/rarray.h:33:1: note: ‘bool’ is defined in header ‘<stdbool.h>’; this is probably fixable by adding ‘#include <stdbool.h>’
   32 | #include "ruby/internal/rgengc.h"
  +++ |+#include <stdbool.h>
   33 | #include "ruby/internal/stdbool.h"
In file included from /home/elic0101/.rbenv/versions/3.2.0/include/ruby-3.2.0/ruby/internal/core.h:25:
/home/elic0101/.rbenv/versions/3.2.0/include/ruby-3.2.0/ruby/internal/core/rbignum.h:60:15: error: unknown type name ‘bool’
   60 | static inline bool
      |               ^~~~
/home/elic0101/.rbenv/versions/3.2.0/include/ruby-3.2.0/ruby/internal/core/rbignum.h:1:1: note: ‘bool’ is defined in header ‘<stdbool.h>’; this is probably fixable by adding ‘#include <stdbool.h>’
  +++ |+#include <stdbool.h>
    1 | #ifndef RBIMPL_RBIGNUM_H                             /*-*-C++-*-vi:se ft=cpp:*/
/home/elic0101/.rbenv/versions/3.2.0/include/ruby-3.2.0/ruby/internal/core/rbignum.h:73:15: error: unknown type name ‘bool’
   73 | static inline bool
      |               ^~~~
/home/elic0101/.rbenv/versions/3.2.0/include/ruby-3.2.0/ruby/internal/core/rbignum.h:73:15: note: ‘bool’ is defined in header ‘<stdbool.h>’; this is probably fixable by adding ‘#include <stdbool.h>’
In file included from /home/elic0101/.rbenv/versions/3.2.0/include/ruby-3.2.0/ruby/internal/core.h:34:
/home/elic0101/.rbenv/versions/3.2.0/include/ruby-3.2.0/ruby/internal/core/rtypeddata.h:523:15: error: unknown type name ‘bool’
  523 | static inline bool
      |               ^~~~
/home/elic0101/.rbenv/versions/3.2.0/include/ruby-3.2.0/ruby/internal/core/rtypeddata.h:27:1: note: ‘bool’ is defined in header ‘<stdbool.h>’; this is probably fixable by adding ‘#include <stdbool.h>’
   26 | # include <stddef.h>
  +++ |+#include <stdbool.h>
   27 | #endif
/home/elic0101/.rbenv/versions/3.2.0/include/ruby-3.2.0/ruby/internal/core/rtypeddata.h:539:15: error: unknown type name ‘bool’
  539 | static inline bool
      |               ^~~~
/home/elic0101/.rbenv/versions/3.2.0/include/ruby-3.2.0/ruby/internal/core/rtypeddata.h:539:15: note: ‘bool’ is defined in header ‘<stdbool.h>’; this is probably fixable by adding ‘#include <stdbool.h>’
In file included from /home/elic0101/.rbenv/versions/3.2.0/include/ruby-3.2.0/ruby/ruby.h:42:
/home/elic0101/.rbenv/versions/3.2.0/include/ruby-3.2.0/ruby/internal/memory.h:414:5: error: unknown type name ‘bool’
  414 |     bool left;                  /**< Whether overflow happened or not. */
      |     ^~~~
/home/elic0101/.rbenv/versions/3.2.0/include/ruby-3.2.0/ruby/internal/memory.h:27:1: note: ‘bool’ is defined in header ‘<stdbool.h>’; this is probably fixable by adding ‘#include <stdbool.h>’
   26 | # include <stddef.h>
  +++ |+#include <stdbool.h>
   27 | #endif
/home/elic0101/.rbenv/versions/3.2.0/include/ruby-3.2.0/ruby/internal/memory.h: In function ‘rbimpl_size_mul_overflow’:
/home/elic0101/.rbenv/versions/3.2.0/include/ruby-3.2.0/ruby/internal/memory.h:568:49: error: ‘false’ undeclared (first use in this function)
  568 |     struct rbimpl_size_mul_overflow_tag ret = { false,  0, };
      |                                                 ^~~~~
/home/elic0101/.rbenv/versions/3.2.0/include/ruby-3.2.0/ruby/internal/memory.h:568:49: note: ‘false’ is defined in header ‘<stdbool.h>’; this is probably fixable by adding ‘#include <stdbool.h>’
In file included from /home/elic0101/.rbenv/versions/3.2.0/include/ruby-3.2.0/ruby/ruby.h:47:
/home/elic0101/.rbenv/versions/3.2.0/include/ruby-3.2.0/ruby/internal/scan_args.h: At top level:
/home/elic0101/.rbenv/versions/3.2.0/include/ruby-3.2.0/ruby/internal/scan_args.h:252:15: error: unknown type name ‘bool’
  252 | static inline bool
      |               ^~~~
/home/elic0101/.rbenv/versions/3.2.0/include/ruby-3.2.0/ruby/internal/scan_args.h:39:1: note: ‘bool’ is defined in header ‘<stdbool.h>’; this is probably fixable by adding ‘#include <stdbool.h>’
   38 | #include "ruby/internal/intern/proc.h"  /* rb_block_proc */
  +++ |+#include <stdbool.h>
   39 | #include "ruby/internal/iterator.h"     /* rb_block_given_p / rb_keyword_given_p */
/home/elic0101/.rbenv/versions/3.2.0/include/ruby-3.2.0/ruby/internal/scan_args.h: In function ‘rb_scan_args_keyword_p’:
/home/elic0101/.rbenv/versions/3.2.0/include/ruby-3.2.0/ruby/internal/scan_args.h:259:16: error: ‘true’ undeclared (first use in this function)
  259 |         return true;
      |                ^~~~
/home/elic0101/.rbenv/versions/3.2.0/include/ruby-3.2.0/ruby/internal/scan_args.h:259:16: note: ‘true’ is defined in header ‘<stdbool.h>’; this is probably fixable by adding ‘#include <stdbool.h>’
/home/elic0101/.rbenv/versions/3.2.0/include/ruby-3.2.0/ruby/internal/scan_args.h:263:16: error: ‘false’ undeclared (first use in this function)
  263 |         return false;
      |                ^~~~~
/home/elic0101/.rbenv/versions/3.2.0/include/ruby-3.2.0/ruby/internal/scan_args.h:263:16: note: ‘false’ is defined in header ‘<stdbool.h>’; this is probably fixable by adding ‘#include <stdbool.h>’
/home/elic0101/.rbenv/versions/3.2.0/include/ruby-3.2.0/ruby/internal/scan_args.h: At top level:
/home/elic0101/.rbenv/versions/3.2.0/include/ruby-3.2.0/ruby/internal/scan_args.h:268:8: error: unknown type name ‘bool’
  268 | static bool
      |        ^~~~
/home/elic0101/.rbenv/versions/3.2.0/include/ruby-3.2.0/ruby/internal/scan_args.h:268:8: note: ‘bool’ is defined in header ‘<stdbool.h>’; this is probably fixable by adding ‘#include <stdbool.h>’
/home/elic0101/.rbenv/versions/3.2.0/include/ruby-3.2.0/ruby/internal/scan_args.h:282:8: error: unknown type name ‘bool’
  282 | static bool
      |        ^~~~
/home/elic0101/.rbenv/versions/3.2.0/include/ruby-3.2.0/ruby/internal/scan_args.h:282:8: note: ‘bool’ is defined in header ‘<stdbool.h>’; this is probably fixable by adding ‘#include <stdbool.h>’
/home/elic0101/.rbenv/versions/3.2.0/include/ruby-3.2.0/ruby/internal/scan_args.h:303:8: error: unknown type name ‘bool’
  303 | static bool
      |        ^~~~
/home/elic0101/.rbenv/versions/3.2.0/include/ruby-3.2.0/ruby/internal/scan_args.h:303:8: note: ‘bool’ is defined in header ‘<stdbool.h>’; this is probably fixable by adding ‘#include <stdbool.h>’
/home/elic0101/.rbenv/versions/3.2.0/include/ruby-3.2.0/ruby/internal/scan_args.h:334:8: error: unknown type name ‘bool’
  334 | static bool
      |        ^~~~
/home/elic0101/.rbenv/versions/3.2.0/include/ruby-3.2.0/ruby/internal/scan_args.h:334:8: note: ‘bool’ is defined in header ‘<stdbool.h>’; this is probably fixable by adding ‘#include <stdbool.h>’
/home/elic0101/.rbenv/versions/3.2.0/include/ruby-3.2.0/ruby/internal/scan_args.h:349:8: error: unknown type name ‘bool’
  349 | static bool
      |        ^~~~
/home/elic0101/.rbenv/versions/3.2.0/include/ruby-3.2.0/ruby/internal/scan_args.h:349:8: note: ‘bool’ is defined in header ‘<stdbool.h>’; this is probably fixable by adding ‘#include <stdbool.h>’
/home/elic0101/.rbenv/versions/3.2.0/include/ruby-3.2.0/ruby/internal/scan_args.h:390:18: error: unknown type name ‘bool’
  390 |                  bool f_var, bool f_hash, bool f_block,
      |                  ^~~~
/home/elic0101/.rbenv/versions/3.2.0/include/ruby-3.2.0/ruby/internal/scan_args.h:390:18: note: ‘bool’ is defined in header ‘<stdbool.h>’; this is probably fixable by adding ‘#include <stdbool.h>’
/home/elic0101/.rbenv/versions/3.2.0/include/ruby-3.2.0/ruby/internal/scan_args.h:390:30: error: unknown type name ‘bool’
  390 |                  bool f_var, bool f_hash, bool f_block,
      |                              ^~~~
/home/elic0101/.rbenv/versions/3.2.0/include/ruby-3.2.0/ruby/internal/scan_args.h:390:30: note: ‘bool’ is defined in header ‘<stdbool.h>’; this is probably fixable by adding ‘#include <stdbool.h>’
/home/elic0101/.rbenv/versions/3.2.0/include/ruby-3.2.0/ruby/internal/scan_args.h:390:43: error: unknown type name ‘bool’
  390 |                  bool f_var, bool f_hash, bool f_block,
      |                                           ^~~~
/home/elic0101/.rbenv/versions/3.2.0/include/ruby-3.2.0/ruby/internal/scan_args.h:390:43: note: ‘bool’ is defined in header ‘<stdbool.h>’; this is probably fixable by adding ‘#include <stdbool.h>’
In file included from /home/elic0101/.rbenv/versions/3.2.0/include/ruby-3.2.0/ruby/intern.h:42,
                 from /home/elic0101/.rbenv/versions/3.2.0/include/ruby-3.2.0/ruby/ruby.h:193:
/home/elic0101/.rbenv/versions/3.2.0/include/ruby-3.2.0/ruby/internal/intern/load.h:197:25: error: unknown type name ‘bool’
  197 | void rb_ext_ractor_safe(bool flag);
      |                         ^~~~
/home/elic0101/.rbenv/versions/3.2.0/include/ruby-3.2.0/ruby/internal/intern/load.h:1:1: note: ‘bool’ is defined in header ‘<stdbool.h>’; this is probably fixable by adding ‘#include <stdbool.h>’
  +++ |+#include <stdbool.h>
    1 | #ifndef  RBIMPL_INTERN_LOAD_H                        /*-*-C++-*-vi:se ft=cpp:*/
cc1: note: unrecognized command-line option ‘-Wno-self-assign’ may have been intended to silence earlier diagnostics
cc1: note: unrecognized command-line option ‘-Wno-parentheses-equality’ may have been intended to silence earlier diagnostics
cc1: note: unrecognized command-line option ‘-Wno-constant-logical-operand’ may have been intended to silence earlier diagnostics
make: *** [Makefile:248: bootsnap.o] Error 1

make failed, exit code 2
