current directory: /home/elic0101/projects/ajax_app_rails7/vendor/bundle/ruby/3.2.0/gems/date-3.5.1/ext/date
/home/elic0101/.rbenv/versions/3.2.0/bin/ruby -I /home/elic0101/.rbenv/versions/3.2.0/lib/ruby/3.2.0 extconf.rb
checking for rb_category_warn()... yes
checking for timezone in time.h with  -Werror... yes
checking for altzone in time.h with  -Werror... no
creating Makefile

current directory: /home/elic0101/projects/ajax_app_rails7/vendor/bundle/ruby/3.2.0/gems/date-3.5.1/ext/date
make DESTDIR\= sitearchdir\=./.gem.20260831-1649-rznz7o sitelibdir\=./.gem.20260831-1649-rznz7o clean

current directory: /home/elic0101/projects/ajax_app_rails7/vendor/bundle/ruby/3.2.0/gems/date-3.5.1/ext/date
make DESTDIR\= sitearchdir\=./.gem.20260831-1649-rznz7o sitelibdir\=./.gem.20260831-1649-rznz7o
compiling date_core.c
compiling date_parse.c
compiling date_strftime.c
compiling date_strptime.c
linking shared-object date_core.so

current directory: /home/elic0101/projects/ajax_app_rails7/vendor/bundle/ruby/3.2.0/gems/date-3.5.1/ext/date
make DESTDIR\= sitearchdir\=./.gem.20260831-1649-rznz7o sitelibdir\=./.gem.20260831-1649-rznz7o install
/usr/bin/install -c -m 0755 date_core.so ./.gem.20260831-1649-rznz7o

current directory: /home/elic0101/projects/ajax_app_rails7/vendor/bundle/ruby/3.2.0/gems/date-3.5.1/ext/date
make DESTDIR\= sitearchdir\=./.gem.20260831-1649-rznz7o sitelibdir\=./.gem.20260831-1649-rznz7o clean
